
> notes-summarizer@1.0.0 build
> vite build

[36mvite v7.3.1 [32mbuilding client environment for production...[36m[39m
transforming...
[32mΓ£ô[39m 16 modules transformed.
node.exe : [31mΓ£ù[39m Build failed in 436ms
At C:\Program Files\nodejs\npm.ps1:29 char:3
+   & $NODE_EXE $NPM_CLI_JS $args
+   ~~~~~~~~~~~~~~~~~~~~~~~~~~~~~
    + CategoryInfo          : NotSpecified: ([3 
   1mΓ£ù[39m Build failed in 436ms:String) [],  
   RemoteException
    + FullyQualifiedErrorId : NativeCommandError
 
[31merror during build:
[31m[vite:css] [postcss] It looks like you're 
trying to use `tailwindcss` directly as a 
PostCSS plugin. The PostCSS plugin has moved to 
a separate package, so to continue using 
Tailwind CSS with PostCSS you'll need to install 
`@tailwindcss/postcss` and update your PostCSS 
configuration.[31m
file: [36mC:/Users/bhumi/OneDrive/Documents/GitH
ub/Notes_Summarizer/frontend/src/index.css:undefi
ned:NaN[31m
    at at (C:\Users\bhumi\OneDrive\Documents\GitH
ub\Notes_Summarizer\frontend\node_modules\tailwin
dcss\dist\lib.js:38:1643)
    at LazyResult.runOnRoot (C:\Users\bhumi\OneDr
ive\Documents\GitHub\Notes_Summarizer\frontend\no
de_modules\postcss\lib\lazy-result.js:361:16)
    at LazyResult.runAsync (C:\Users\bhumi\OneDri
ve\Documents\GitHub\Notes_Summarizer\frontend\nod
e_modules\postcss\lib\lazy-result.js:290:26)
    at async runPostCSS (file:///C:/Users/bhumi/O
neDrive/Documents/GitHub/Notes_Summarizer/fronten
d/node_modules/vite/dist/node/chunks/config.js:30
145:19)
    at async compilePostCSS (file:///C:/Users/bhu
mi/OneDrive/Documents/GitHub/Notes_Summarizer/fro
ntend/node_modules/vite/dist/node/chunks/config.j
s:30129:6)
    at async compileCSS (file:///C:/Users/bhumi/O
neDrive/Documents/GitHub/Notes_Summarizer/fronten
d/node_modules/vite/dist/node/chunks/config.js:30
059:26)
    at async Object.handler (file:///C:/Users/bhu
mi/OneDrive/Documents/GitHub/Notes_Summarizer/fro
ntend/node_modules/vite/dist/node/chunks/config.j
s:29592:54)
    at async transform (file:///C:/Users/bhumi/On
eDrive/Documents/GitHub/Notes_Summarizer/frontend
/node_modules/rollup/dist/es/shared/node-entry.js
:21269:16)
    at async ModuleLoader.addModuleSource (file:/
//C:/Users/bhumi/OneDrive/Documents/GitHub/Notes_
Summarizer/frontend/node_modules/rollup/dist/es/s
hared/node-entry.js:21497:36)[39m
